// Jest Snapshot v1, https://jestjs.io/docs/snapshot-testing

exports[`Pruebas en <GitItem/> debe hacer match con el snapshot 1`] = `
<div>
  <div
    class="card"
  >
    <img
      alt="OPM"
      src="https://yesasdadsa.com"
    />
    <p>
      OPM
    </p>
  </div>
</div>
`;
